A1
BC23
ABC123
D3SON
ALLCAPS~!@#$%^&*()_+{}|:"<>?`1234567890-=[]\;',./ALLCAPS
