one1
two2
three3
four4
five1
six6
seven7
eight8
nine9
ten10
