H1R2
H1R2
ILL
ILL
3
3
O
O
INGL4
INGL4
N5
N5
HARACT6R
HARACT6R
123
123
