ELLO
ELLO
ORLD
ORLD
ELLO
ELLO
ORLD
ORLD
1buji
1buji
2buji
2buji
moh3sino
moh3sino
moh4sino
moh4sino
