Hell1
Hell2
Hell3
Hell4
Hell5
Hell6
Hell7
Hell8
W9rld
W10rld
W11rld
W12rld
W13rld
W14rld
W15rld
W16rld
