hi
hi
how
how
are
are
you
you
sample.txt
sample.txt
doublewords
doublewords
