12o
34o
r5d
r6d
din
din
7caps
8caps
910o
1112o
r13d
r14d
