hi
hi
how
how
are
are
you
you
stdin
stdin
Hello
Hello
World!
World!
dropfirst
dropfirst
1
1
stdin
stdin
dropfirst
dropfirst
1
1
Hello
Hello
World!
World!
stdin
stdin
Hello
Hello
dropfirst
dropfirst
1
1
World!
World!
stdin
stdin
Hello
Hello
dropfirst
dropfirst
World!
World!
1
1
